// Jest Snapshot v1, https://goo.gl/fbAQLP

exports[`Login test suite Render login screen 1`] = `
<form
  onSubmit={[Function]}
  style={
    Object {
      "marginTop": "20px",
      "textAlign": "center",
    }
  }
>
  <h2>
    Welcome
  </h2>
  <div>
    <TextField
      disabled={false}
      floatingLabelFixed={false}
      floatingLabelText="Email Address"
      fullWidth={false}
      hintText="example@email.com"
      maxlength="50"
      multiLine={false}
      name="email"
      onChange={[Function]}
      required={true}
      rows={1}
      type="text"
      underlineShow={true}
    />
  </div>
  <div>
    <TextField
      autoComplete="current-password"
      disabled={false}
      floatingLabelFixed={false}
      floatingLabelText="Password"
      fullWidth={false}
      hintText="**********"
      maxlength="30"
      multiLine={false}
      name="password"
      onChange={[Function]}
      required={true}
      rows={1}
      type="password"
      underlineShow={true}
    />
  </div>
  <div>
    <FlatButton
      disabled={false}
      fullWidth={false}
      label="Sign In"
      labelPosition="after"
      labelStyle={Object {}}
      onKeyboardFocus={[Function]}
      onMouseEnter={[Function]}
      onMouseLeave={[Function]}
      onTouchStart={[Function]}
      primary={false}
      secondary={false}
      type="submit"
    />
  </div>
  <br />
  <div>
    <span
      style={
        Object {
          "vertical-align": "middle",
        }
      }
    >
       New to My House? 
    </span>
     
    <span>
      <FlatButton
        disabled={false}
        fullWidth={false}
        label="Sign Up"
        labelPosition="after"
        labelStyle={Object {}}
        onClick={[Function]}
        onKeyboardFocus={[Function]}
        onMouseEnter={[Function]}
        onMouseLeave={[Function]}
        onTouchStart={[Function]}
        primary={false}
        secondary={true}
      />
    </span>
  </div>
</form>
`;

exports[`Login test suite render a div 1`] = `
<div>
  Hello Jest!
</div>
`;
