// Jest Snapshot v1, https://goo.gl/fbAQLP

exports[`Change Password test suite Render Change Password component 1`] = `
<form
  onSubmit={[Function]}
  style={
    Object {
      "marginTop": "20px",
      "textAlign": "center",
    }
  }
>
  <h2>
    Change Password
  </h2>
  <div>
    <TextField
      disabled={false}
      floatingLabelFixed={false}
      floatingLabelText="Current Password"
      fullWidth={false}
      hintText="************"
      maxlength="50"
      multiLine={false}
      name="CURRENTPASSWORD"
      onChange={[Function]}
      required={true}
      rows={1}
      type="password"
      underlineShow={true}
      value=""
    />
  </div>
  <div>
    <TextField
      disabled={false}
      floatingLabelFixed={false}
      floatingLabelText="New Password"
      fullWidth={false}
      hintText="************"
      maxlength="50"
      multiLine={false}
      name="NEWPASSWORD"
      onChange={[Function]}
      required={true}
      rows={1}
      type="password"
      underlineShow={true}
      value=""
    />
  </div>
  <div>
    <TextField
      disabled={false}
      floatingLabelFixed={false}
      floatingLabelText="Confirm Password"
      fullWidth={false}
      hintText="************"
      maxlength="50"
      multiLine={false}
      name="NEWPASSWORDCONFIRM"
      onChange={[Function]}
      required={true}
      rows={1}
      type="password"
      underlineShow={true}
      value=""
    />
  </div>
  <FlatButton
    disabled={false}
    fullWidth={false}
    label="Update"
    labelPosition="after"
    labelStyle={Object {}}
    onKeyboardFocus={[Function]}
    onMouseEnter={[Function]}
    onMouseLeave={[Function]}
    onTouchStart={[Function]}
    primary={false}
    secondary={false}
    type="submit"
  />
  <Snackbar
    autoHideDuration={4000}
    message="Password updated"
    onRequestClose={[Function]}
    open={false}
  />
</form>
`;
