// Jest Snapshot v1, https://goo.gl/fbAQLP

exports[`Links test suite Render apps links component 1`] = `
<div
  style={
    Object {
      "width": "25%",
    }
  }
>
  <Paper
    circle={false}
    rounded={true}
    style={
      Object {
        "display": "inline-block",
        "float": "left",
        "margin": "16px 32px 16px 0",
      }
    }
    transitionEnabled={true}
    zDepth={1}
  >
    <Menu
      autoWidth={true}
      desktop={false}
      disableAutoFocus={false}
      initiallyKeyboardFocused={false}
      maxHeight={null}
      multiple={false}
      onChange={[Function]}
      onEscKeyDown={[Function]}
      onItemTouchTap={[Function]}
      onKeyDown={[Function]}
    >
      <MenuItem
        anchorOrigin={
          Object {
            "horizontal": "right",
            "vertical": "top",
          }
        }
        checked={false}
        desktop={false}
        disabled={false}
        focusState="none"
        href="http://housemoney.surge.sh/"
        insetChildren={false}
        leftIcon={<MapsLocalAtm />}
        primaryText="Money"
        targetOrigin={
          Object {
            "horizontal": "left",
            "vertical": "top",
          }
        }
      />
      <MenuItem
        anchorOrigin={
          Object {
            "horizontal": "right",
            "vertical": "top",
          }
        }
        checked={false}
        desktop={false}
        disabled={false}
        focusState="none"
        href="http://housefood.surge.sh/"
        insetChildren={false}
        leftIcon={<MapsRestaurant />}
        primaryText="Food"
        targetOrigin={
          Object {
            "horizontal": "left",
            "vertical": "top",
          }
        }
      />
    </Menu>
  </Paper>
</div>
`;
